Felix is 20 years old
Jan is 22 years old
Robin is 23 years old
