{ (null), 2, 3, (null) }
{ 1, (null), (null), 4 }
