My favorite toy is a ball
My favorite food are mice
