still global other.kan
still global not other.kan
