Peter, lives in Berlin in house number 100
Hans, lives in Neuss in house number 200
