Felix, Test
Person, Bintree Person
Test
Person is 20 years old
Bintree Person is 100 years old
P5 is 200 years old
