first
second
third
all
first
first
second
first
at least one
first
second
third
at least one
first
second
third
1
